// Jest Snapshot v1, https://goo.gl/fbAQLP

exports[`App App should match snap shot 1`] = `
<div
  className="modal-section"
>
  <form>
    <button
      className="close"
      onClick={[Function]}
    >
      X
    </button>
    <label>
      <h3>
        Project Name
      </h3>
      <input
        className="projectName"
        onChange={[Function]}
        value=""
      />
    </label>
    <label>
      <h3>
        Palette Name
      </h3>
      <input
        className="paletteName"
        onChange={[Function]}
        value=""
      />
    </label>
    <div
      className="color_display"
    >
      <div
        className="color"
        key="0"
        style={
          Object {
            "backgroundColor": "#000000",
          }
        }
      />
      <div
        className="color"
        key="1"
        style={
          Object {
            "backgroundColor": "#000000",
          }
        }
      />
      <div
        className="color"
        key="2"
        style={
          Object {
            "backgroundColor": "#000000",
          }
        }
      />
      <div
        className="color"
        key="3"
        style={
          Object {
            "backgroundColor": "#000000",
          }
        }
      />
      <div
        className="color"
        key="4"
        style={
          Object {
            "backgroundColor": "#000000",
          }
        }
      />
    </div>
    <button
      className="submit"
      onClick={[Function]}
    >
      Submit
    </button>
  </form>
</div>
`;
